Total free mem: 262080
Total allocated mem: 64
Number of allocated blocks: 1
