Total free mem: 261904
Total allocated mem: 240
Number of allocated blocks: 4
