Total free mem: 261968
Total allocated mem: 176
Number of allocated blocks: 3
