Total free mem: 262032
Total allocated mem: 112
Number of allocated blocks: 3
