Total free mem: 262144
Total allocated mem: 0
Number of allocated blocks: 0
