Total free mem: 261808
Total allocated mem: 336
Number of allocated blocks: 21
