Total free mem: 261920
Total allocated mem: 224
Number of allocated blocks: 14
