Total free mem: 261492
Total allocated mem: 652
Number of allocated blocks: 14
