List of allocated blocks:

List of free blocks:
    [addr: 0x7f6706bcd000, size: 262144]

